
  [90;1m.[39;22m[90;1m.[39;22m[90;1m.[39;22m[90;1m.[39;22m[90;1m.[39;22m[90;1m.[39;22m[90;1m.[39;22m[90;1m.[39;22m[90;1m.[39;22m[90;1m.[39;22m[90;1m.[39;22m[90;1m.[39;22m[90;1m.[39;22m[90;1m.[39;22m[90;1m.[39;22m[90;1m.[39;22m[90;1m.[39;22m[90;1m.[39;22m[90;1m.[39;22m[90;1m.[39;22m[90;1m.[39;22m[90;1m.[39;22m[90;1m.[39;22m[90;1m.[39;22m[90;1m.[39;22m[90;1m.[39;22m[90;1m.[39;22m[90;1m.[39;22m[90;1m.[39;22m[90;1m.[39;22m[90;1m.[39;22m[90;1m.[39;22m[90;1m.[39;22m[90;1m.[39;22m[90;1m.[39;22m[90;1m.[39;22m[90;1m.[39;22m[90;1m.[39;22m[90;1m.[39;22m[90;1m.[39;22m[90;1m.[39;22m[90;1m.[39;22m[90;1m.[39;22m[90;1m.[39;22m[90;1m.[39;22m[90;1m.[39;22m[90;1m.[39;22m[90;1m.[39;22m

  [90mTests:[39m    [32;1m48 passed[39;22m[90m (116 assertions)[39m
  [90mDuration:[39m [39m1.94s[39m

